Xue, Xue, Xue, Xue, Xue, Xue, Xue, Xue, Xue, Xue, Xue, Xue, Xue, Xue, Xue, Xue, Xue, Xue, Xue, Xue, Xue, Xue, Xue, Xue, Xue, Mm, Mm, Mm, Md^Xm, Md^Xm, Md^Xm, Mm, Mm, Mm, Hh, Hh, Hh, Hh, Hh, Gg, Gs^Fms
Xue, Xue, Xue, Xue, Xue, Xue, Xue, Xue, Xue, Xue, Xue, Xue, Xue, Xue, Xue, Xue, Wwg, Xue, Wog, Xue, Xue, Xue, Xue, Xue, Xue, Mm, Mm, Md^Xm, Md^Xm, Md^Xm, Mm, Mm, Mm, Mm, Mm, Hh, Hh^Fmw, Hh^Fmw, Gs^Fms, Hh, Gs^Fms
Xue, Xue, Xue, Xue, Xue, Xue, Xue, Xue, Xue, Xue, Xue, Xue, Sm, Wwg, Wwg, Wwg, Wog, Wog, Wog, Wog, Wog, Xue, Xue, Xue, Mm, Mm, Mm, Mm, Mm, Mm, Mm, Mm, Mm, Mm, Hh^Fmw, Mm, Hh^Fmw, Gs^Fms, Hh^Fmw, Hh^Fmw, Gs^Fms
Xue, Xue, Xue, Xue, Xue, Xue, Xue, Xue, Xue, Xue, Xue, Tb^Tf, Wwg^Tf, Wwg^Tf, Sm, Wog, Wwg, Wog, Wog, Wog, Wog, Xue, Xue, Xue, Xue, Xue, Xue, Mm, Mm, Mm, Mm, Mm, Hh, Mm, Hh, Hh, Gg^Fmw, Gs^Fms, Gs^Fms, Gs^Fms, Gs^Fms
Xue, Xue, Xue, Xue, Xue, Xue, Xue, Uhe, Uu, Uhe, Tb, Uhe, Sm^Tf, Wwg^Tf, Tb^Tf, Xue, Xue, Wwg, Xue, Wog, Xue, Xue, Xue, Xue, Xue, Xue, Xue, Xue, Xue, Xue, Xue, Hh, Ce, Hh, Ce, Gll^Vct, Re, Gll^Em, Re, Re, Re
Xue, Xue, Xue, Xue, Xue, Xue, Uhe, Uhe, Rb^Edb, Rb, Rb^Edb, Tb, Uhe, Tb^Tf, Tb, Xue, Xue, Xue, Xue, Xue, Xue, Xue, Xue, Xue, Xue, Xue, Xue, Xue, Uu, Uhe, Rb, Hh, Ce, 1 Ke, Ce, Re, Gll^Vct, Re, Gll, Gll, Hh
Xue, Xue, Xue, Xue, Xue, Uhe^Dr, Uu^Fdw, Uu^Fdw, Uu^Fdw, Rb^Edb, Uu, Uu, Uu^Vu, Uhe, Uu, Uhe, Rb, Uu, Uu, Xue, Uu^Fdw, Uhe, Uhe, Xue, Xue, Xue, Xue, Xue, Rb, Rb, Xue, Re, Hh, Re, Hh, Hh, Hh^Fp, Gll^Fp, Gs^Fp, Hh, Hh
Xue, Xue, Xue, Xue, Xue, Xue, Uhe, Uu^Fdw, Uhe, Uhe, Uhe, Uu^Es, Uu, Rb, Uu, Rb^Es, Uhe, Rb^Edb, Uhe, Uu, Rb^Edb, Uu^Edb, Rb^Edb, Xue, Uhe, Xue, Uu, Uhe^Dr, Rb, Uhe, Xue, Mm, Mm, Hh^Vct, Mm, Hh^Fmw, Hh^Fmw, Gs^Fp, Gs^Fms, Hh^Fmw, Hh^Fmw
Xue, Xue, Xue, Xue, Xue, Xue, Xue, Xue, Xue, Xue, Xue, Xue, Uu^Fdw, Rb, Rb^Edb, Uhe, Uhe^Dr, Xue, Xue, Xue, Xue, Rb^Edb, Uhe^Fdw, Rb^Edb, Uu, Uu, Uu, Uu, Xue, Xue, Xue, Mm, Md^Xm, Mm, Mm, Mm, Hh^Fmw, Gs^Fms, Hh^Fmw, Gs^Fms, Gs^Fms
Xue, Xue, Xue, Xue, Xue, Xue, Xue, Xue, Xue, Xue, Xue, Xue, Xue, Rb, Rb, Xue, Xue, Xue, Xue, Xue, Xue, Xue, Xue, Xue, Xue, Uhe, Xue, Uhe^Es, Xue, Xue, Md, Md^Xm, Md^Xm, Mm, Hh, Hh, Mm, Hh, Hh^Fmw, Gs^Fms, Gs^Fms
Xue, Xue, Xue, Xue, Xue, Xue, Xue, Xue, Xue, Xue, Uhe^Fdw, Xue, Xue, Uu, Uu, Uhe, Xue, Xue, Xue, Xue, Xue, Xue, Xue, Xue, Xue, Xue, Xue, Xue, Xue, Md, Md, Md^Xm, Mm, Mm, Hh, Mm, Mm, Mm, Hh, Hh^Fmw, Gs^Fms
Xue, Xue, Xue, Xue, Xue, Xue, Xue, Xue, Xue, Sm, Uhe^Fdw, Uhe^Fdw, Uhe^Vu, Uu^Dr, Uu^Edb, Rb, Xue, Xue, Uhe, Xue, Xue, Xue, Xue, Xue, Xue, Xue, Xue, Xue, Xue, Xue, Xue, Mm, Mm, Mm, Mm, Mm, Mm, Mm, Hh^Fmw, Hh, Hh
Xue, Xue, Xue, Xue, Xue, Xue, Xue, Xue, Xue, Xue, Xue, Xue, Uhe^Edb, Uhe^Edb, Uu^Edb, Rb^Es, Rb, Uu, Rb, Uhe^Vu, Xue, Xue, Uhe, Xue, Uu^Fdw, Uhe^Fdw, Uu^Fdw, Sm, Uhe^Es, Xue, Xue, Xue, Mm, Mm, Hh, Mm, Hh^Fmw, Hh^Fmw, Hh^Fmw, Hh, Hh
Xue, Xue, Xue, Xue, Xue, Xue, Xue, Xue, Xue, Xue, Xue, Xue, Xue, Xue, Xue, Xue, Uhe^Fdw, Uhe, Wwt^Efm, Rb, Uu, Xue, Rb, Rb, Rb, Uu, Uu, Uu, Uu, Uhe^Dr, Xue, Xue, Xue, Mm, Mm, Hh, Mm, Mm, Mm, Mm, Mm
Xue, Xue, Xue, Xue, Xue, Xue, Xue, Xue, Xue, Xue, Uhe^Fdw, Xue, Xue, Xue, Xue, Uhe^Dr, Uhe^Fdw, Wwt^Efm, Wwt^Ii, Wwt^Efm, Uu, Uu, Xue, Xue, Xue, Xue, Xue, Uu, Rb^Edb, Uhe, Xue, Xue, Xue, Mm, Mm^Vhhr, Hh, Mm, Mm, Mm, Mm, Mm
Xue, Xue, Xue, Xue, Xue, Xue, Xue, Xue, Xue, Uhe^Dr, Uu^Fdw, Uu^Fdw, Uu, Xue, Rb, Rb, Rb, Wwt^Efm, Wwt^Efm, Wwt^Efm, Rb^Edb, Uhe, Xue, Xue, Xue, Xue, Xue, Xue, Uhe, Rb^Edt, Rb^Edb, Hh, Hh, Hh, Mm, Mm, Mm, Mm, Md^Xm, Mm, Mm
Xue, Xue, Xue, Xue, Xue, Xue, Xue, Xue, Sm, Sm, Uhe, Uhe, Xue, Uu, Xue, Xue, Xue, Uhe, Uu, 2 Cte^Fdw, Sm, Uu^Fdw, Uu^Fdw, Uu^Fdw, Uu, Uhe, Uu, Xue, Uu^Fdw, Rb^Edt, Xue, Hh, Xue, Mm, Mm, Mm, Md^Xm, Mm, Md^Xm, Mm, Mm
Xue, Xue, Xue, Xue, Xue, Xue, Xue, Xue, Xue, Rb, Rb^Edt, Rb^Edt, Uu^Edt, Xue, Uu^Es, Xue, Uu^Fdw, Uu^Fdw, Uu^Dr, Uu, Uhe, Sm, Xue, Uu^Fdw, Uhe, Rb, Uhe^Fdw, Uu, Xue, Sm, Xue, Xue, Xue, Mm, Mm, Mm, Md^Xm, Md^Xm, Md^Xm, Mm, Mm
Xue, Xue, Xue, Xue, Xue, Xue, Xue, Xue, Xue, Uhe^Fdw, Xue, Uu^Dr, Xue, Uu, Xue, Uu, Uhe^Dr, Uhe, Uhe, Xue, Xue, Sm, Xue, Xue, Xue, Xue, Xue, Xue, Xue, Xue, Xue, Xue, Mm, Mm, Mm, Md^Xm, Md^Xm, Md^Xm, Md^Xm, Mm, Mm
Xue, Xue, Xue, Xue, Xue, Xue, Xue, Xue, Xue, Xue, Xue, Xue, Xue, Xue, Xue, Xue, Xue, Xue, Xue, Xue, Xue, Xue, Xue, Xue, Xue, Xue, Xue, Xue, Xue, Xue, Md^Xm, Md^Xm, Md^Xm, Md^Xm, Md^Xm, Md^Xm, Md^Xm, Md^Xm, Mm, Mm, Mm
Xue, Xue, Xue, Xue, Xue, Xue, Xue, Xue, Xue, Xue, Xue, Xue, Xue, Xue, Chs, Xue, Xue, Xue, Xue, Xue, Xue, Xue, Xue, Xue, Xue, Xue, Xue, Xue, Md^Xm, Md^Xm, Mm, Md^Xm, Md^Xm, Md^Xm, Md^Xm, Md^Xm, Md^Xm, Md^Xm, Mm, Mm, Mm
