Mm, Mm, Mm, Mm, Mm, Mm, Mm^Xm, Mm, Mm^Xm, Mm, Mm^Xm, Mm, Mm, Gg, Hh, Gg, Hh, Gs, Ww, Gg, Gs, Gg, Gg, Re, Re, Gg, Gg, Gg, Gg, Gs, Hh, Hh, Hh, Hh, Hh, Hh, Hh, Hh, Hh
Mm, Mm, Mm, Mm, Mm, Mm^Xm, Mm, Mm^Xm, Mm, Mm^Xm, Mm^Xm, Mm^Xm, Mm^Xm, Mm, Mm^Vhh, Hh, Hh, Gs, Ww, Ww, Hh, Gs, Gs^Gvs, Gg^Gvs, Gg^Gvs, Re, Re, Gg^Gvs, Gg^Gvs, Gs, Gs, Gs, Gs^Fms, Gs^Fms, Gs^Fms, Mm, Hh, Hh, Hh^Fmw
Mm, Mm, Mm, Mm, Mm, Mm, Mm, Mm, Mm, Mm, Mm, Mm^Xm, Mm^Xm, Mm^Xm, Mm^Xm, Hh, Hh^Fmw, Gll^Fp, Hh^Fmw, Gs, Hh, Gs, Hh, Gs^Gvs, Gs^Gvs, Gg^Gvs, Re, Gg^Gvs, Gg^Gvs, Gs^Wm, Hh, Hh, Hh, Gs^Fms, Hh, Gs^Fms, Hh, Hh^Fms, Hh^Fmw
Gll^Fp, Mm, Hh, Gll^Fp, Hh, Mm, Mm, Mm, Mm, Mm, Mm, Mm, Mm, Mm^Xm, Mm^Xm, Mm^Xm, Mm, Hh^Fmw, Hh^Fmw, Hh, Hh, Hh, Hh, Gll^Fp, Hh, Gs, Ch^Ecf, Gg^Gvs, Gg^Gvs, Gs^Gvs, Hh, Hh, Hh, Hh, Hh, Hh, Hh^Fms, Mm, Hh^Fmw
Gll^Fp, Hh, Hh, Gll^Fp, Hh^Fms, Hh, Mm, Mm, Hh, Mm, Mm, Wwrg, Mm, Mm, Mm, Mm^Xm, Mm^Xm, Mm, Mm^Xm, Mm, Mm, Mm, Mm, Hh^Fmw, Gll^Fp, Gs, Re, Gs, Gs^Fmw, Gs^Fmw, Gs^Fmw, Hh, Hh, Hh^Fmw, Hh, Hh^Fmw, Hh^Fmw, Hh^Fmw, Hh
Gll^Fp, Hh, Gll^Fp, Gll^Fp, Gll^Fms, Gll^Fp, Hh, Hh, Hh, Mm, Wwf, Wwf, Mm, Hh^Fmw, Hh^Dr, Mm, Mm, Mm^Xm, Mm, Mm, Mm, Hh^Dr, Hh^Es, Mm, Re, Re, Gg, Gs, Hh, Gs^Fmw, Gs^Fms, Hh, Hh^Fmw, Mm^Vhh, Mm, Hh^Fmw, Hh, Hh, Hh
Gll^Fp, Gll^Fp, Gll^Fp, Hh, Hh, Gll^Fp, Gll^Fms, Gll^Fms, Gll^Fp, Gll^Fp, Wwf, Hh, Hh^Fmw, Hh, Mm, Mm, Mm, Mm, Mm, Mm, Gll^Fp, Mm, Hh^Fmw, Hh, Rp, Re, Gs, Gs, Hh, Hh, Hh, Hh, Hh, Mm, Hh^Fmw, Hh, Hh^Fmw, Hh^Fmw, Hh^Fmw
Hh^Fms, Gll^Fp, Gll^Fp, Hh, Hh, Gll^Fp, Hh^Fms, Gll^Fp, Gll^Fms, Gll^Fp, Wwf, Gll^Fp, Gll^Fp, Hh^Fmw, Hh^Fms, Hh^Fmw, Hh^Fmw, Hh, Mm, Mm, Hh^Fmw, Gll^Fp, Ch, Ch, 2 Kh, Ch, Ch, Gs, Gll^Fp, Hh, Hh, Mm, Hh^Fms, Hh^Fmw, Hh^Fmw, Mm, Mm, Hh^Fms, Hh^Fmw
Hh^Fms, Gll^Fms, Gll^Fms, Gll^Fp, Hh, Hh^Fms, Gll^Fms, Gll^Fp, Hh, Hh, Ww, Wwf, Gll^Fp, Hh^Fms, Gg^Fms, Gll^Fmw, Gd^Fms, Hh, Mm, Mm, Gd^Fms, Gll^Fp, Ch, Ch, Rp, Ch, Ch, Gll^Fp, Gll^Fp, Hh^Dr, Hh, Hh^Fmw, Hh^Fmw, Hh, Hh, Mm, Hh, Hh, Hh
Hh, Hh^Fms, Gll^Fp, Gll^Fp, Gg, Gll^Fms, Gll^Fp, Gll^Fp, Hh, Hh, Hh, Wwf, Ww, Gll^Fp, Gll^Fp, Gg^Fms, Gs, Gs^Vc, Hh, Hh^Fmw, Hh, Re^Es, Re, Rp^Es, Re, Rp, Re, Gll, Gll^Fp, Gll^Fp, Hh^Fmw, Hh^Fmw, Mm^Xm, Hh, Hh, Hh^Fmw, Mm, Mm, Mm
Gg^Fms, Hh, Hh, Gll^Fp, Gll^Fp, Gll^Fp, Gll^Fms, Hh^Fms, Hh, Hh, Hh, Ww, Ww, Gll^Fp, Ww, Ce^Ecf, Re^Dr, Re, Re, Hh, Gs^Es, Gs^Vc, Re, Re, Gs, Gs^Vc, Gll, Gll^Es, Gll^Fp, Hh^Fms, Hh^Fmw, Mm, Mm, Mm, Mm, Mm, Mm^Xm, Mm^Xm, Mm^Xm
Gg^Fms, Hh, Gll^Fp, Gll^Fp, Gll^Fms, Gll^Fp, Gll^Fp, Gll^Fms, Gll^Fms, Gll^Fp, Gll^Fp, Hh, Gll^Fp, Ww, Gll^Fp, Ww, Ww, Ch, Re, Re, Re, Re, Re^Es, Re, Re, Gs, Gll^Es, Gll^Es, Gll^Fp, Gll^Fms, Hh^Fmw, Hh, Mm, Mm, Wwrg, Mm, Mm, Mm^Xm, Mm^Xm
Hh, Hh, Hh, Gll^Fp, Hh^Fms, Gll^Fms, Hh, Gll^Fp, Gll^Fp, Gll^Fp, Gll^Fms, Hh^Fms, Gll^Fms, Hh, Hh, Gll^Fp, Re, Ww^Bw/, Ww, Ch, Ch, Re, Re, Ch, Ww, Re^Dr, Ce^Ecf, Gll, Gll^Fp, Gll^Fp, Gll^Fms, Hh^Fms, Gll^Fp, Gll^Fp, Wwf, Mm, Mm, Mm^Xm, Mm^Xm
Gs, Hh, Re, Hh, Hh, Hh, Gs^Vh, Hh, Hh, Gll^Fp, Gll^Fp, Gll^Fms, Re, Hh, Re, Re, Gg^Efm, Gg, Ww, Kh, Ww, Ww, Ww^Bw|, Ww, Gg, Ww, Ww, Ww, Ww, Gll^Fp, Wwf, Gll^Fms, Wwf, Wwf, Mm, Mm, Mm, Mm, Mm^Xm
Re, Re, Gs, Re, Re, Re, Re, Hh, Re, Hh, Re, Re, Hh, Re, Gll^Fp, Gg^Efm, Gg^Efm, Ww, Ww, Ww, Gg, Ww, Re, Gg, Gd, Gll, Gll, Ww, Ss, Ww, Gll^Fp, Wwf, Mm, Mm, Mm, Mm, Mm^Xm, Mm^Xm, Mm^Xm
Gll^Fp, Gll^Fp, Gll^Fms, Gll^Fp, Hh, Gs^Efm, Gs, Re, Gg^Fms, Re, Hh, Hh, Hh^Fms, Hh^Fms, Gll^Fp, Gll^Fp, Ww, Ww, Ww, Gg, Gg^Edt, Gg^Edt, Re^Edt, Gg^Edt, Gs^Vh, Gll, Ss, Ss, Ss, Gll^Fp, Gll^Fp, Gll^Fp, Mm, Mm, Gll^Fp, Mm, Mm, Mm^Xm, Mm
Gll^Fp, Gll^Fms, Hh^Fms, Hh, Hh, Hh, Gll^Fms, Gll^Fp, Gg^Fms, Gs^Efm, Gg^Efm, Hh, Gll^Fp, Gll^Fms, Ww, Ww, Ww, Ww, Gll^Feth, Gg^Efm, Re, Re, Gg^Efm, Gg^Edt, Gll^Fp, Gll, Gll^Em, Gll^Fp, Gll^Fp, Ss, Gll^Fp, Gll^Fp, Gll^Fp, Gll^Fp, Gll^Fp, Mm, Mm, Mm, Mm
Gll^Fp, Hh, Hh, Hh, Hh^Fms, Hh^Fms, Gg^Fms, Gll^Fp, Ww, Ww, Ww, Ww, Ww, Ww, Ww, Ww, Gs, Gs^Vh, Gll, Gll, Re, Ce^Dr, Ce, Ce^Dr, Gll^Fp, Gll, Gll^Fp, Gll^Fp, Gll^Em, Gll, Ss, Gll^Fp, Gll^Fp, Gll^Fp, Gll^Es, Gll^Fp, Gll^Fp, Gll^Fp, Gll^Fp
Gg^Fms, Hh, Hh^Fms, Hh, Hh, Hh^Fms, Gll^Fms, Gg^Efm, Ww, Wo, Gs, Ww, Gs^Fds, Ww, Gs^Fds, Gs^Fds, Gd, Gs^Efm, Re, Re, Re, Ce, Gg^Efm, Ce, Ss, Ss, Ss, Gll^Fp, Gll, Ss, Gll^Vhs, Ss, Gll^Fp, Gll, Ss, Gll, Gll^Fp, Gll^Fp, Gll^Fp
Hh, Gg^Fms, Gg^Fms, Gll^Fms, Gll^Fp, Gll^Fp, Gg^Fms, Gg, Ww, Ww, Gs, Gs^Fds, Gll^Gvs, Gs^Fds, Re^Vh, Re, Re, Re, Gd, Gs, Re, Gg^Efm, Gg^Efm, Gs^Efm, Gg, Gll^Fp, Gll^Fp, Ss, Gll^Fp, Ss, Gll^Em, Ss, Gll^Fp, Gll^Fp, Gll^Fp, Gll^Es, Gll^Fp, Gll^Fp, Gll^Fp
Hh, Hh^Fms, Hh, Gll^Fp, Hh, Gll^Fp, Gll^Fp, Ww, Ww, Gs, Gll^Gvs, Gll^Gvs, Gll^Gvs, Re, Gll^Gvs, Gll^Gvs, Gll^Gvs, Gd, Gll^Gvs, Gd, Gd, Re, Re, Gg^Efm, Gg^Efm, Gll, Gll, Ss, Ss, Gll^Fp, Gll^Fp, Gll, Gll^Fp, Gll^Fp, Ss, Ss, Ss, Gll, Gll^Fp
Gll^Fp, Hh, Gll^Fp, Hh, Gll^Fp, Gll^Fp, Ww, Ww, Ww, Gs, Gll^Gvs, Gll^Gvs, Gll^Gvs, Re, Re^Wm, Gll^Gvs, Gll^Gvs, Gll^Gvs, Gll^Gvs, Gd, Gd^Efm, Gs^Ecf, Re, Gg, Re^Vct, Gll, Ss, Ss, Ss, Ss, Gll^Fp, Gll^Fp, Gll, Gll^Em, Ss, Ss, Ss, Gll^Fp, Gg
Ww, Gll^Fp, Ww, Gll^Fp, Ww, Ww, Ww, Ww, Gs^Efm, Gd, Gd, Gll^Gvs, Re, Re, Gll^Gvs, Re, Gll^Gvs, Gll^Gvs, Gs^Fds, Re^Vct, Rb, Rb^Edt, Rb^Edt, Rb^Edt, Rb^Edt, Gg, Gll, Gll, Gll, Gll, Gll, Gll, Gll, Ss, Gll, Gll, Gll, Gll^Fp, Gg
Wo, Wo, Wo, Wo, Wo, Wo, Gs, Gs^Efm, Gd, Gd, Gs^Fds, Gs^Fms, Re, Gll^Gvs, Gll^Gvs, Re, Re, Re^Vh, Gs^Fds, Rb, Cer, Cer, 1 Ke, Cer, Cer, Rb^Edt, Re^Vct, Gg, Gg^Efm, Gg, Gg, Gg, Gg, Gll, Gg, Gll, Gg, Gll, Gg
Gg, Ww, Gg, Ww, Gll^Gvs, Gll^Gvs, Gll^Gvs, Gll^Gvs, Gd, Gd, Gs^Fds, Gs^Fds, Re^Vh, Gll^Gvs, Gll^Gvs, Gll^Gvs, Gs^Fds, Gs^Fms, Gs^Fds, Rb^Edt, Rb^Edt, Cer, Rb^Edt, Cer, Rb^Edt, Rb^Edt, Gg, Gg^Efm, Gs^Fds, Gg^Efm, Gs^Fds, Gg, Gg^Efm, Gg, Gg, Gg, Gg^Efm, Gg, Gg
Gg, Gg, Gs^Em, Gll^Gvs, Gll^Gvs, Gll^Gvs, Re, Re, Re, Gd, Re, Re, Gs^Fds, Re, Gs^Fds, Gll^Gvs, Gd, Gd^Em, Gd^Efm, Re^Vct, Gs^Fds, Rb^Edt, Re^Vct, Rb^Edt, Gg^Ecf, Re^Edt, Gg, Gs^Fds, Gll^Fp, Gs^Fds, Gs^Efm, Gs^Efm, Gs^Efm, Gg^Efm, Gs^Fds, Gs, Gs^Fds, Gs^Fds, Re
Gg, Gs^Efm, Gs^Efm, Gll^Gvs, Gs^Fds, Re^Vh, Gll^Fp, Gs^Fds, Gd, Re, Gll^Gvs, Gll^Gvs, Gll^Gvs, Re, Gs^Fds, Gs^Fms, Re, Gd, Gd, Gg^Efm, Gs^Fms, Gs^Fds, Gg^Efm, Gg^Efm, Gg^Edt, Re^Edt, Re, Gg, Gs, Gs^Fds, Gs, Gg^Efm, Gs, Gs^Fds, Gs^Fds, Gs^Fds, Gs^Fds, Gs^Fds, Gs^Fds
Re, Re, Re, Gd, Re, Re, Gs^Fms, Gs^Fds, Gd, Gll^Gvs, Gll^Gvs, Gll^Gvs, Gll^Gvs, Re, Re, Re, Gll^Gvs, Re, Gll^Gvs, Gd, Gd, Gs^Fds, Gg^Efm, Gs, Gs^Fds, Gg, Gg^Efm, Re, Re, Gs, Re, Re, Re, Gs^Fds, Gg^Efm, Gs^Efm, Gg^Efm, Gs^Fds, Gg
Gg, Gg, Gs, Re, Gs, Gs, Gs^Em, Gs^Fds, Gd^Efm, Gd, Gd, Gll^Gvs, Gs^Fds, Gs^Fms, Gll^Gvs, Gll^Gvs, Gll^Gvs, Re^Vh, Gll^Gvs, Gll^Gvs, Gd, Gs^Efm, Gs^Efm, Gs, Gs^Fds, Gs^Fds, Gs^Efm, Gg^Efm, Gs, Re, Gg^Efm, Gg^Efm, Gs, Re, Re, Re, Re, Gg, Re
Gs^Fds, Gs^Fds, Gs^Fms, Gs^Fds, Gs^Fds, Gg^Efm, Gg^Efm, Gs, Gg^Efm, Gd^Efm, Gs^Efm, Gs, Gg, Gs^Fds, Gd, Gll^Gvs, Gd, Gll^Gvs, Gs, Gd, Gs^Fds, Gs^Efm, Gs, Gs^Fds, Gll^Fp, Gll^Fp, Gs^Fms, Gs^Fds, Gs^Fds, Gs^Fds, Gs^Fds, Gs^Fds, Gs^Fds, Gs, Gs^Fds, Gg, Gs^Efm, Re, Gg
Gg, Gs^Fds, Gg, Gs^Fms, Gs^Fds, Gs^Fds, Gs^Fds, Gg, Gg, Gg, Gg, Gg, Gg, Gg, Gg, Gg, Gg, Gg, Gg, Gs^Fds, Gs^Fds, Gs^Fds, Gg, Gs^Fds, Gg, Gs^Fms, Gg, Gs^Fds, Gs^Fds, Gs^Fds, Gs^Fds, Gs^Fds, Gs^Fds, Gs^Fds, Gs^Fds, Gs^Fds, Gg, Gs, Gg
