Gg, Gg, Mm, Mm, Mm, Mm, Mm, Mm, Mm, Mm, Mm, Hh, Hh, Gg, Hh^Fp, Gg^Fp, Gll^Fp, Gll^Fp, Gll^Fp, Gll^Fp, Gll^Fp, Gll^Fp, Gll^Fp, Gg, Gd, Gg, Re, Gg, Gg^Fp, Gg, Gll^Fp
Mm, Mm, Mm, Mm, Mm, Mm, Mm, Mm, Mm, Mm, Mm, Mm, Mm, Hh, Hh^Fp, Hh^Fp, Gll^Fp, Gll^Fp, Ww, Gll^Fp, Gll^Fp, Gll^Fp, Gll^Fp, Gll^Fp, Gd, Gd, Re, Gg, Gg^Fp, Gg^Fp, Hh
Mm, Mm, Mm, Mm, Mm, Mm, Mm, Mm, Mm, Mm, Mm, Mm, Mm, Mm, Hh, Hh, Ww, Ww, Hh, Ww, Ww, Gll^Fp, Gll^Fp, Gll^Fp, Gg, Gg, Re, Gg, Hh, Hh, Hh^Fp
Mm, Mm, Mm, Mm, Mm, Mm, Mm, Mm, Hh, Mm, Mm, Mm, Mm, Mm, Mm, Ww, Hh, Hh, Hh^Fp, Hh, Gg, Ww, Gll^Fp, Gll^Fp, Gg, Re, Gd, Gd, Hh, Hh^Fp, Hh^Fp
Hh, Hh, Hh, Hh, Hh, Mm, Mm, Hh, Hh, Mm, Mm, Mm, Mm, Mm, Mm, Mm, Hh, Hh^Fp, Gll^Fp, Hh, Gg, Ww, Gd, Gd, Gg, Re, Gll^Gvs, Hh, Gg^Fp, Hh, Hh
Hh^Fmw, Hh, Hh^Fmw, Hh, Hh, Mm, Hh^Fmw, Hh, Mm, Mm, Mm, Mm, Mm, Mm, Hh, Hh, Chr^Edt, Hh, Ss, Gll^Fp, Gg, Ww, Gg, Gd, Re, Re, Gll^Gvs, Gll^Gvs, Gg^Fp, Gg^Fp, Hh
Gll^Fp, Gll^Fp, Gll^Fp, Gll^Fp, Re, Hh, Gll^Fp, Hh^Fmw, Hh, Mm, Mm, Mm, Mm, Hh, Hh, Hh, Chr^Edt, Re^Edt, Ss, Gg, Ww, Ww, Gg^Efm, Re, Gll^Gvs, Gd^Vhr, Gg^Fp, Gg^Fp, Hh, Hh, Hh
Re, Gll^Fp, Re, Re, Gll^Fp, Re, Re, Hh, Gll^Gvs, Hh, Hh, Hh, Hh, Hh, Chr, 2 Khr, Chr, Re^Edt, Khr, Ww, Gg, Gg^Efm, Gg^Efm, Re, Gll^Gvs, Gll^Gvs, Hh^Fp, Hh, Hh, Hh, Mm
Gll^Fp, Re, Gll^Fp, Gll^Fp, Gll^Fp, Gll^Fp, Re, Gll^Gvs, Gd^Vhr, Gll^Gvs, Gg^Efm, Gg^Efm, Gg^Efm, Hh, Chr, Re^Ecf, Chr^Es, Wwg, Ww, Ww, Gg, Gg^Efm, Re, Re, Gg^Fp, Gg^Fp, Hh, Hh, Mm, Mm, Mm
Hh, Gll^Fmw, Hh^Fmw, Hh^Fmw, Hh^Fmw, Gll^Fp, Gll^Fp, Re, Re, Re, Re, Re, Re, Gll^Gvs, Gll^Gvs, Re^Es, Wwg, Wo, Ww, Gg, Re, Re, Gll^Gvs, Gg^Efm, Gg^Fp, Gg^Fp, Hh, Hh, Mm, Mm, Mm
Hh, Hh, Hh^Fmw, Hh^Fmw, Gll^Fp, Hh^Fmw, Gll^Fp, Gll^Fp, Gll^Fp, Gg, Gll^Fp, Gg, Re, Gll^Gvs, Gd^Vhr, Re, Ww, Wwg, Gll^Gvs, Gll^Gvs, Re, Gll^Gvs, Gll^Gvs, Gg, Hh, Hh, Mm, Mm, Mm, Mm, Gg
Hh, Hh, Gll^Fp, Gll^Fp, Gll^Fp, Gll^Fp, Gll^Fp, Gll^Fp, Ww, Gll^Fp, Gll^Fp, Gll^Fp, Gll^Fp, Re, Re, Re, Ww^Bw\r, Gg, Gg, Gll^Gvs, Re, Gd^Vhr, Gg, Gg, Ww, Ww, Ww, Mm, Mm, Mm, Mm
Gll^Fp, Hh, Gll^Fp, Gll^Fp, Ww, Gll^Fp, Ww, Ww, Ww, Ww, Ww, Gll^Fp, Gll^Fp, Gg, Gg, Gg, Ww, Re, Re, Re, Gg^Efm, Gg, Ww, Ww, Hh, Mm, Mm, Mm, Mm, Mm, Mm
Gll^Fp, Gll^Fp, Ww, Ww, Ww, Ww, Gll^Fp, Gll^Fp, Gll^Fp, Gll^Fp, Ww, Ww, Gll^Fp, Gll^Fp, Ww, Ww, Gg^Efm, Gg, Re, Gg^Efm, Gg^Efm, Ww, Gg, Gg, Hh, Hh, Mm, Mm, Mm, Mm, Mm
Gll^Fp, Ww, Ww, Gll^Fp, Gll^Fp, Gll^Fp, Gs^Fms, Gs^Fms, Gs^Fms, Gll^Fp, Gll^Fp, Ww, Ww, Gll^Fp, Ww, Gg, Gg, Re, Gd^Vhr, Re, Gg, Ww, Gg, Hh, Hh, Hh, Hh, Hh, Mm, Mm, Mm
Ww, Ww, Gll^Fp, Gll^Fp, Gg, Gll^Fp, Gg, Gs^Fms, Gg, Gll^Fp, Gll^Fp, Gll^Fp, Gg, Ww, Ww, Ww, Ww, Re, Re, Re, Ww, Ww, Gg, Gg^Es, Gd, Hh, Hh, Hh, Mm, Mm, Mm
Gg, Gg, Gg^Efm, Gg^Efm, Re, Gs^Vc, Re, Re, Re, Re, Re, Gll^Gvs, Gd^Vhr, Gg, Gll^Fp, Gg, Gg, Ww, Wwg^Bw|r, Ww, Gg^Efm, Gg, Gll^Gvs, Gll^Gvs, Gd, Hh, Mm, Mm, Mm, Mm, Mm
Re, Re, Re, Re, Gll^Gvs, Re, Gll^Gvs, Gll^Gvs, Gd, Gg^Es, Gg^Efm, Re, Gll^Gvs, Gll^Gvs, Gll^Fp, Gll^Fp, Hh, Gg, Re, Gg^Efm, Re, Gll^Gvs, Re, Gs^Vc, Gll^Gvs, Hh, Hh, Hh, Mm, Mm, Mm
Gg, Gg^Es, Gll^Fp, Gd, Hh, Gll^Gvs, Hh, Hh, Hh, Gd, Gg, Re, Gg^Es, Gs^Fms, Hh^Fmw, Hh^Fmw, Gll^Fp, Gll^Fp, Re, Re, Hh, Re, Gll^Fp, Gll^Gvs, Gd, Gd, Hh, Mm, Mm, Mm, Gg
Gll^Fp, Gll^Fp, Gll^Fp, Hh^Fmw, Hh^Fmw, Hh, Hh, Hh, Gd, Hh, Gg^Efm, Re, Gd, Hh, Hh, Hh^Fmw, Gll^Fp, Gs^Fms, Re, Gd, Gd^Es, Hh, Hh^Fmw, Gs^Fms, Gd, Hh, Hh, Hh, Mm, Mm, Mm
Gll^Fp, Gll^Fp, Gs^Fms, Gll^Fp, Gs^Fms, Gll^Fp, Gll^Fp, Gll^Fp, Gll^Gvs, Gg^Efm, Re, Re, Re, Hh, Hh, Hh, Gll^Gvs, Gll^Gvs, Gd^Vhr, Re, Gll^Gvs, Hh, Hh^Fmw, Hh^Fmw, Gd^Es, Hh, Gd, Hh, Hh, Mm, Hh
Gll^Fp, Gll^Fp, Gll^Fp, Gs^Fms, Gg^Efm, Gg^Efm, Gg^Efm, Gg, Gd^Vhr, Re, Gg, Gg^Efm, Re, Gd, Hh, Gll^Fp, Gd, Gll^Gvs, Re, Re, Hh, Hh, Hh, Hh, Gg, Gd, Gd, Hh, Hh, Hh, Hh
Gll^Fp, Gll^Fp, Gll^Fp, Gg^Em, Gs^Fms, Gg^Efm, Gg, Gg, Gll^Gvs, Gll^Gvs, Hh, Hh, Gg, Re, Gg, Gd^Es, Gd, Re, Gd, Gll^Gvs, Hh, Hh, Gll^Fp, Gll^Fp, Gg, Gd, Gd, Hh, Mm, Mm, Mm
Gll^Fp, Gll^Fp, Gll^Fp, Gs^Fms, Gll^Fp, Gll^Fp, Hh^Fmw, Gd, Hh, Hh, Hh, Hh, Hh, Re, Re, Gg^Efm, Gg, Re, Gg^Efm, Gd^Es, Hh, Gd, Gll^Gvs, Gll^Gvs, Gd^Vhr, Gg^Efm, Hh, Hh, Hh, Mm, Mm
Gll^Fp, Gs^Fms, Gs^Fms, Gll^Fp, Hh^Fmw, Hh^Fmw, Hh^Fmw, Hh^Fmw, Hh^Fmw, Hh, Hh, Hh, Gd^Es, Gll^Gvs, Gll^Gvs, Re, Re, Re, Re, Re, Re, Gg, Re, Re, Gll^Gvs, Gg^Efm, Hh^Fmw, Hh, Mm, Hh, Mm
Gg, Gs^Fms, Gg^Em, Gll^Fp, Gll^Fp, Hh, Hh, Hh, Gd, Hh, Gd, Hh, Gg^Efm, Gll^Gvs, Re, Gs^Vc, Re, Re, Gg^Efm, Gg^Efm, Gg^Efm, Re, Gg, Gll^Gvs, Hh^Fmw, Gll^Fp, Hh, Mm, Mm, Mm, Mm^Xm
Re, 3 Re, Re, Gg^Efm, Gg, Gd^Es, Gg^Efm, Gg^Efm, Gg^Efm, Gd, Gll^Gvs, Gg^Efm, Re, Re, Gg, Re, Gg, Gg, Hh, Hh, Hh, Gg, Gg, Gll^Fp, Hh^Fmw, Hh^Fmw, Mm, Mm, Mm^Xm, Mm^Xm, Mm^Xm
Gg, Re, Gg, Re, Re, Re, Re, Re, Re, Gll^Gvs, Gll^Gvs, Re, Gg^Efm, Gd, Hh, Hh, Hh, Gd^Es, Hh, Hh, Hh, Gd, Gd, Hh, Mm, Mm, Mm, Mm, Mm, Mm^Xm, Mm^Xm
Hh, Gd, Hh, Gg, Gd, Gg^Efm, Gg^Efm, Gll^Gvs, Re, Gd^Vhr, Re, Re, Gll^Fp, Gll^Fp, Hh^Fmw, Hh^Fmw, Gll^Fmw, Hh^Fmw, Hh, Hh, Hh, Gd^Es, Gg, Hh, Hh^Fmw, Mm, Hh, Mm, Hh, Mm, Mm
Hh, Hh, Hh, Hh, Hh, Gd, Hh, Gg, Gd, Re, Re, Gg, Gll^Fp, Gll^Fp, Gll^Fp, Gs^Fms, Gs^Fms, Gll^Fp, Gd^Es, Hh, Hh, Hh, Gg, Gll^Fp, Gs^Fms, Hh, Hh, Hh, Hh, Mm, Mm
Gll^Fp, Hh, Hh^Fmw, Hh^Fmw, Hh^Fmw, Hh, Hh^Fmw, Hh, Hh^Fmw, Gg, Re, Gg^Efm, Gg^Efm, Gll^Fp, Gg, Gs^Fms, Gll^Gvs, Gd, Gll^Gvs, Hh, Gd, Hh, Gg^Efm, Gg, Gll^Gvs, Gll^Gvs, Gd^Vhr, Gg, Hh, Hh, Mm
Re, Gll^Fp, Gll^Fp, Gll^Fp, Gll^Fp, Gll^Fp, Gs^Fms, Gll^Fp, Gll^Fp, Gll^Fp, Gll^Fp, Re, Re, Gg, Re, Re, Re, Gll^Gvs, Gll^Gvs, Gll^Gvs, Re, Gg^Efm, Re, Re, Re, Re, Gll^Gvs, Gg, Hh, Mm, Mm
Gll^Fp, Re, Re, Re, Re, Gll^Fp, Re, Gg^Em, Gll^Fp, Gs^Fms, Gg, Re, Gg^Efm, Re, Gg, Gg^Vhr, Gg^Efm, Re, Re, Re, Gg, Re, Gg^Efm, Gg^Efm, Gd, Gg^Efm, Gg, Hh, Hh, Mm, Mm
Hh, Gll^Fp, Gll^Fp, Gs^Fms, Gll^Fp, Re, Gd^Vhr, Re, Re, Gg^Efm, Re, Re, Gg^Efm, Gg^Efm, Gll^Fp, Gll^Fp, Gg^Efm, Re, Gg^Efm, Gg^Efm, Gll^Fp, Gll^Fp, Gll^Fp, Gll^Fp, Hh^Fmw, Hh, Hh, Hh, Mm, Mm, Mm
Hh, Hh^Fmw, Hh^Fmw, Hh^Fmw, Gll^Fp, Gll^Gvs, Gll^Gvs, Gll^Gvs, Gg^Efm, Re, Gg, Gg, Gg, Gll^Fp, Gll^Fp, Gs^Fms, Gg, Re, Gg^Efm, Gll^Fp, Gs^Fms, Gll^Fp, Hh^Fmw, Gll^Fmw, Hh^Fmw, Hh, Mm, Mm, Mm, Mm, Mm
Mm, Hh, Hh, Hh^Fmw, Hh, Gll^Fp, Hh^Fmw, Gll^Fp, Hh, Gg^Efm, Gll^Fp, Gll^Fp, Gs^Fms, Gg^Em, Gg, Gg, Re, Re, Gg, Gll^Fp, Gll^Fp, Gll^Fp, Hh, Hh^Fmw, Mm, Mm, Mm, Mm, Mm, Mm, Mm^Xm
Mm, Hh, Mm, Mm, Hh, Hh, Mm, Hh^Fmw, Hh, Gll^Fp, Hh^Fmw, Gll^Fp, Gg, Gg, Re, Re, Ce, Re, Gg, Gll^Fp, Hh^Fmw, Gll^Fp, Hh^Fmw, Hh, Mm, Mm, Mm, Mm^Xm, Mm^Xm, Mm^Xm, Mm^Xm
Mm, Mm, Mm, Mm, Hh, Mm, Mm, Hh, Hh, Hh^Fmw, Hh^Fmw, Gll^Fp, Gg, Re, Ce, Ce, Ce, Re, Gg^Efm, Gll^Fp, Hh, Hh, Mm, Hh, Mm, Mm^Xm, Mm^Xm, Mm^Xm, Mm^Xm, Mm^Xm, Mm^Xm
Mm^Xm, Mm^Xm, Mm^Xm, Mm^Xm, Mm, Mm, Mm, Mm, Mm, Hh, Hh, Gll^Fp, Gd, Re, Re, 1 Ke, Re, Re, Gg^Efm, Hh^Fmw, Hh, Mm, Mm, Mm, Mm, Mm^Xm, Mm^Xm, Mm^Xm, Mm^Xm, Mm^Xm, Mm^Xm
Mm^Xm, Mm, Mm^Xm, Mm^Xm, Mm^Xm, Mm, Mm, Mm, Mm, Mm, Mm, Hh, Hh, Gd, Re, Re, Gg, Gg^Efm, Gll^Fp, Gll^Fp, Hh^Fmw, Hh, Hh^Fmw, Mm, Mm, Mm, Mm, Mm^Xm, Mm^Xm, Mm^Xm, Mm^Xm
Mm^Xm, Mm^Xm, Mm^Xm, Mm^Xm, Mm, Mm, Mm, Mm, Hh, Hh, Hh, Hh^Fmw, Gll^Fp, Gd, Re, Gg, Gg^Em, Gll^Fp, Gs^Fms, Gll^Fp, Gll^Fp, Hh^Fmw, Hh, Hh, Hh, Mm, Mm, Mm, Mm, Mm^Xm, Mm^Xm
Mm, Mm^Xm, Mm, Mm^Xm, Mm, Mm, Mm, Hh, Hh, Mm, Mm, Hh^Fmw, Hh, Gg, Re, Gg, Gg, Gll^Fp, Gll^Fp, Gll^Fp, Gll^Fp, Hh^Fmw, Hh^Fmw, Hh, Hh, Mm, Mm, Mm, Mm, Mm, Gg
Mm, Mm, Mm, Mm, Gg, Mm, Mm, Mm, Mm, Mm, Mm, Hh, Gg, Gg, Gg, Re, Gg, Gg, Gg, Gll^Fp, Gll^Fp, Hh^Fmw, Hh, Hh, Hh, Hh, Mm, Mm, Mm, Mm, Gg
